// Jest Snapshot v1, https://goo.gl/fbAQLP

exports[`Should test expense item 1`] = `
<div>
  <Link
    replace={false}
    to="/edit/1"
  >
    <p>
      Rent bill
    </p>
  </Link>
  <p>
    2300
     -- 
    0
  </p>
</div>
`;
