// Jest Snapshot v1, https://goo.gl/fbAQLP

exports[`Should render header component correctly 1`] = `
<header>
  <h2>
    Expensify
  </h2>
  <div>
    <NavLink
      activeClassName="is-active"
      exact={true}
      to="/dashboard"
    >
      Home
    </NavLink>
    <NavLink
      activeClassName="is-active"
      to="/create"
    >
      New
    </NavLink>
    <NavLink
      activeClassName="is-active"
      to="/edit"
    >
      Edit
    </NavLink>
    <NavLink
      activeClassName="is-active"
      to="/help"
    >
      Help
    </NavLink>
    <button
      id="logout-btn"
      onClick={[Function]}
    >
      Logout
    </button>
  </div>
</header>
`;
