// Jest Snapshot v1, https://goo.gl/fbAQLP

exports[`Should render NotFound component correctly 1`] = `
<div>
  404!
</div>
`;
